// Jest Snapshot v1, https://goo.gl/fbAQLP

exports[`App container test Should render component App with out errors 1`] = `
<div>
  <div
    class="MuiBox-root css-srv7rf"
  >
    <h1
      class="MuiTypography-root MuiTypography-h1 css-1ad5ige-MuiTypography-root"
    >
      home.title
    </h1>
    <a
      href="/mock-view"
    >
      <button
        class="MuiButton-root MuiButton-contained MuiButton-containedSecondary MuiButton-sizeMedium MuiButton-containedSizeMedium MuiButtonBase-root  css-1mrv2h2-MuiButtonBase-root-MuiButton-root"
        tabindex="0"
        type="button"
      >
        home.get_started
        <span
          class="MuiTouchRipple-root css-8je8zh-MuiTouchRipple-root"
        />
      </button>
    </a>
  </div>
</div>
`;
